
Files:

File: ./logs/other/tests/basic-dt-u.log
  About:
      filetype       : TEXT UTF8/ASCII
      logmessagetype : syslog lines
  Printed:
      bytes         : 4724
      lines         : 54
      syslines      : 27
  Processed:
      file size     : 1268 (0x4F4) (bytes)
      bytes         : 1268 (0x4F4)
      bytes total   : 1268 (0x4F4)
      block size    : 256 (0x100)
      blocks        : 5
      blocks total  : 5 (1280 bytes)
      lines         : 54
      syslines      : 27
      syslines high : 22
  Parsers:
  Processing Stores:
      storage: LineReader::find_line() lines                       : hit   1, miss 106,  0.9%
      caching: LineReader::find_line() LRU cache                   : hit  27, miss  55, 32.9%, put  54
      copying: SyslineReader::get_boxptrs()                        : sgl 121, dbl    4, mult   0
      storage: SyslineReader::find_sysline() syslines              : hit   0, miss  27,  0.0%
      caching: SyslineReader::find_sysline() syslines_by_range_map : hit   0, miss  27,  0.0%, put  27
      caching: SyslineReader::find_sysline() LRU cache             : hit   1, miss  27,  3.6%, put  27
      caching: SyslineReader::parse_datetime_in_line() LRU cache   : hit  26, miss  54, 32.5%, put   0
      optimize:SyslineReader::ezcheck12                            : hit   0, miss   0,  0.0%, largest skipped 0
      optimize:SyslineReader::ezcheckd2                            : hit   0, miss   4,  0.0%, largest skipped 0
      optimize:SyslineReader::ezcheck12d2                          : hit  20, miss 101, 16.5%, largest skipped 25
      process: regex captures attempted                            : 105
  Processing Drops:


Program Summary:

Paths considered       : 1
Paths not processed    : 0
Files processed        : 1
Files printed          : 1
Printed bytes          : 4833
Printed lines          : 54
Printed syslines       : 27
Printed evtx events    : 0
Printed fixedstruct    : 0
Printed journal events : 0
Regex patterns known   : 158
Regex patterns compiled: 79
Datetime filter -a     : 1999-03-03 00:00:00 +00:00 (1999-03-03 00:00:00 +00:00)
Datetime filter -b     : 2023-04-10 22:10:32 +00:00 (2023-04-10 22:10:32 +00:00)
Channel Receive ok     : 29
Channel Receive err    : 0
