
Files:

File: ./logs/other/tests/dt-mix1.log
  About:
      filetype       : TEXT UTF8/ASCII
      logmessagetype : syslog lines
  Printed:
      bytes         : 1701
      flushes       : 10
      lines         : 21
      syslines      : 10
  Processed:
      file size     : 420 (0x1A4) (bytes)
      bytes         : 420 (0x1A4)
      bytes total   : 420 (0x1A4)
      block size    : 256 (0x100)
      blocks        : 2
      blocks total  : 2 (512 bytes)
      lines         : 21
      syslines      : 10
      syslines high : 10
  Parsers:
  Processing Stores:
      storage: LineReader::find_line() lines                       : hit  0, miss 41,  0.0%
      caching: LineReader::find_line() LRU cache                   : hit 10, miss 22, 31.2%, put 21
      copying: SyslineReader::get_boxptrs()                        : sgl 98, dbl   1, mult  0
      storage: SyslineReader::find_sysline() syslines              : hit  0, miss 10,  0.0%
      caching: SyslineReader::find_sysline() syslines_by_range_map : hit  0, miss 10,  0.0%, put 10
      caching: SyslineReader::find_sysline() LRU cache             : hit  1, miss 10,  9.1%, put 10
      caching: SyslineReader::parse_datetime_in_line() LRU cache   : hit  9, miss 21, 30.0%, put  0
      optimize:SyslineReader::ezcheck12                            : hit  0, miss  0,  0.0%, largest skipped 0
      optimize:SyslineReader::ezcheckd2                            : hit  0, miss  4,  0.0%, largest skipped 0
      optimize:SyslineReader::ezcheck12d2                          : hit  0, miss 95,  0.0%, largest skipped 0
      process: regex captures attempted                            : 99
  Processing Drops:

Program Summary:

Paths considered       : 1
Paths not processed    : 0
Files processed        : 1
Files printed          : 1
Printed bytes          : 1742
Printed flushes        : 21
Printed lines          : 21
Printed syslines       : 10
Printed evtx events    : 0
Printed fixedstruct    : 0
Printed journal events : 0
Regex patterns known   : 158
Regex patterns compiled: 79
Datetime filter -a     : 1999-03-03 00:00:00 +00:00 (1999-03-03 00:00:00 +00:00)
Datetime filter -b     : 2023-04-10 22:10:32 +00:00 (2023-04-10 22:10:32 +00:00)
Channel Receive ok     : 12
Channel Receive err    : 0
Threads Spawned        : 1
Thread Spawn errors    : 0
Platform               : x86_64-unknown-linux-gnu
Allocator              : Jemalloc
