
Files:

File: ./logs/other/tests/dtf-(dtf-11A_dtf13abcd).tar|./logs/other/tests/dtf11-A.log
  About:
      archive subpath: ./logs/other/tests/dtf11-A.log
      filetype       : TEXT UTF8/ASCII (TAR)
      logmessagetype : syslog lines
  Printed:
      bytes         : 1884
      flushes       : 13
      lines         : 13
      syslines      : 13
  Processed:
      file size archive   : 6144 (0x1800) (bytes)
      file size unarchived: 480 (0x1E0) (bytes)
      bytes         : 480 (0x1E0)
      bytes total   : 480 (0x1E0)
      block size    : 256 (0x100)
      blocks        : 2
      blocks total  : 2 (512 bytes)
      lines         : 13
      syslines      : 13
      syslines high : 13
  Parsers:
  Processing Stores:
      storage: LineReader::find_line() lines                       : hit  0, miss 25,  0.0%
      caching: LineReader::find_line() LRU cache                   : hit 13, miss 14, 48.1%, put 13
      copying: SyslineReader::get_boxptrs()                        : sgl 90, dbl   1, mult  0
      storage: SyslineReader::find_sysline() syslines              : hit  0, miss 13,  0.0%
      caching: SyslineReader::find_sysline() syslines_by_range_map : hit  0, miss 13,  0.0%, put 13
      caching: SyslineReader::find_sysline() LRU cache             : hit  1, miss 13,  7.1%, put 13
      caching: SyslineReader::parse_datetime_in_line() LRU cache   : hit 12, miss 13, 48.0%, put  0
      optimize:SyslineReader::ezcheck12                            : hit  0, miss  0,  0.0%, largest skipped 0
      optimize:SyslineReader::ezcheckd2                            : hit  0, miss  4,  0.0%, largest skipped 0
      optimize:SyslineReader::ezcheck12d2                          : hit  0, miss 87,  0.0%, largest skipped 0
      process: regex captures attempted                            : 91
  Processing Drops:

File: ./logs/other/tests/dtf-(dtf-11A_dtf13abcd).tar|./logs/other/tests/dtf13a.log
  About:
      archive subpath: ./logs/other/tests/dtf13a.log
      filetype       : TEXT UTF8/ASCII (TAR)
      logmessagetype : syslog lines
  Printed:
      bytes         : 555
      flushes       : 3
      lines         : 3
      syslines      : 3
  Processed:
      file size archive   : 6144 (0x1800) (bytes)
      file size unarchived: 231 (0xE7) (bytes)
      bytes         : 231 (0xE7)
      bytes total   : 231 (0xE7)
      block size    : 256 (0x100)
      blocks        : 1
      blocks total  : 1 (256 bytes)
      lines         : 3
      syslines      : 3
      syslines high : 3
  Parsers:
  Processing Stores:
      storage: LineReader::find_line() lines                       : hit  0, miss  5,  0.0%
      caching: LineReader::find_line() LRU cache                   : hit  3, miss  4, 42.9%, put  3
      copying: SyslineReader::get_boxptrs()                        : sgl 75, dbl   0, mult  0
      storage: SyslineReader::find_sysline() syslines              : hit  0, miss  3,  0.0%
      caching: SyslineReader::find_sysline() syslines_by_range_map : hit  0, miss  3,  0.0%, put  3
      caching: SyslineReader::find_sysline() LRU cache             : hit  1, miss  3, 25.0%, put  3
      caching: SyslineReader::parse_datetime_in_line() LRU cache   : hit  2, miss  3, 40.0%, put  0
      optimize:SyslineReader::ezcheck12                            : hit  0, miss  0,  0.0%, largest skipped 0
      optimize:SyslineReader::ezcheckd2                            : hit  0, miss  4,  0.0%, largest skipped 0
      optimize:SyslineReader::ezcheck12d2                          : hit  0, miss 71,  0.0%, largest skipped 0
      process: regex captures attempted                            : 75
  Processing Drops:

File: ./logs/other/tests/dtf-(dtf-11A_dtf13abcd).tar|./logs/other/tests/dtf13b.log
  About:
      archive subpath: ./logs/other/tests/dtf13b.log
      filetype       : TEXT UTF8/ASCII (TAR)
      logmessagetype : syslog lines
  Printed:
      bytes         : 552
      flushes       : 3
      lines         : 3
      syslines      : 3
  Processed:
      file size archive   : 6144 (0x1800) (bytes)
      file size unarchived: 228 (0xE4) (bytes)
      bytes         : 228 (0xE4)
      bytes total   : 228 (0xE4)
      block size    : 256 (0x100)
      blocks        : 1
      blocks total  : 1 (256 bytes)
      lines         : 3
      syslines      : 3
      syslines high : 3
  Parsers:
  Processing Stores:
      storage: LineReader::find_line() lines                       : hit  0, miss  5,  0.0%
      caching: LineReader::find_line() LRU cache                   : hit  3, miss  4, 42.9%, put  3
      copying: SyslineReader::get_boxptrs()                        : sgl 75, dbl   0, mult  0
      storage: SyslineReader::find_sysline() syslines              : hit  0, miss  3,  0.0%
      caching: SyslineReader::find_sysline() syslines_by_range_map : hit  0, miss  3,  0.0%, put  3
      caching: SyslineReader::find_sysline() LRU cache             : hit  1, miss  3, 25.0%, put  3
      caching: SyslineReader::parse_datetime_in_line() LRU cache   : hit  2, miss  3, 40.0%, put  0
      optimize:SyslineReader::ezcheck12                            : hit  0, miss  0,  0.0%, largest skipped 0
      optimize:SyslineReader::ezcheckd2                            : hit  0, miss  4,  0.0%, largest skipped 0
      optimize:SyslineReader::ezcheck12d2                          : hit  0, miss 71,  0.0%, largest skipped 0
      process: regex captures attempted                            : 75
  Processing Drops:

File: ./logs/other/tests/dtf-(dtf-11A_dtf13abcd).tar|./logs/other/tests/dtf13c.log
  About:
      archive subpath: ./logs/other/tests/dtf13c.log
      filetype       : TEXT UTF8/ASCII (TAR)
      logmessagetype : syslog lines
  Printed:
      bytes         : 555
      flushes       : 3
      lines         : 3
      syslines      : 3
  Processed:
      file size archive   : 6144 (0x1800) (bytes)
      file size unarchived: 231 (0xE7) (bytes)
      bytes         : 231 (0xE7)
      bytes total   : 231 (0xE7)
      block size    : 256 (0x100)
      blocks        : 1
      blocks total  : 1 (256 bytes)
      lines         : 3
      syslines      : 3
      syslines high : 3
  Parsers:
  Processing Stores:
      storage: LineReader::find_line() lines                       : hit  0, miss  5,  0.0%
      caching: LineReader::find_line() LRU cache                   : hit  3, miss  4, 42.9%, put  3
      copying: SyslineReader::get_boxptrs()                        : sgl 75, dbl   0, mult  0
      storage: SyslineReader::find_sysline() syslines              : hit  0, miss  3,  0.0%
      caching: SyslineReader::find_sysline() syslines_by_range_map : hit  0, miss  3,  0.0%, put  3
      caching: SyslineReader::find_sysline() LRU cache             : hit  1, miss  3, 25.0%, put  3
      caching: SyslineReader::parse_datetime_in_line() LRU cache   : hit  2, miss  3, 40.0%, put  0
      optimize:SyslineReader::ezcheck12                            : hit  0, miss  0,  0.0%, largest skipped 0
      optimize:SyslineReader::ezcheckd2                            : hit  0, miss  4,  0.0%, largest skipped 0
      optimize:SyslineReader::ezcheck12d2                          : hit  0, miss 71,  0.0%, largest skipped 0
      process: regex captures attempted                            : 75
  Processing Drops:

File: ./logs/other/tests/dtf-(dtf-11A_dtf13abcd).tar|./logs/other/tests/dtf13d.log
  About:
      archive subpath: ./logs/other/tests/dtf13d.log
      filetype       : TEXT UTF8/ASCII (TAR)
      logmessagetype : syslog lines
  Printed:
      bytes         : 546
      flushes       : 3
      lines         : 3
      syslines      : 3
  Processed:
      file size archive   : 6144 (0x1800) (bytes)
      file size unarchived: 222 (0xDE) (bytes)
      bytes         : 222 (0xDE)
      bytes total   : 222 (0xDE)
      block size    : 256 (0x100)
      blocks        : 1
      blocks total  : 1 (256 bytes)
      lines         : 3
      syslines      : 3
      syslines high : 3
  Parsers:
  Processing Stores:
      storage: LineReader::find_line() lines                       : hit  0, miss  5,  0.0%
      caching: LineReader::find_line() LRU cache                   : hit  3, miss  4, 42.9%, put  3
      copying: SyslineReader::get_boxptrs()                        : sgl 73, dbl   0, mult  0
      storage: SyslineReader::find_sysline() syslines              : hit  0, miss  3,  0.0%
      caching: SyslineReader::find_sysline() syslines_by_range_map : hit  0, miss  3,  0.0%, put  3
      caching: SyslineReader::find_sysline() LRU cache             : hit  1, miss  3, 25.0%, put  3
      caching: SyslineReader::parse_datetime_in_line() LRU cache   : hit  2, miss  3, 40.0%, put  0
      optimize:SyslineReader::ezcheck12                            : hit  0, miss  0,  0.0%, largest skipped 0
      optimize:SyslineReader::ezcheckd2                            : hit  0, miss  4,  0.0%, largest skipped 0
      optimize:SyslineReader::ezcheck12d2                          : hit  0, miss 69,  0.0%, largest skipped 0
      process: regex captures attempted                            : 73
  Processing Drops:

Program Summary:

Paths considered       : 5
Paths not processed    : 0
Files processed        : 5
Files printed          : 5
Printed bytes          : 4197
Printed flushes        : 55
Printed lines          : 25
Printed syslines       : 25
Printed evtx events    : 0
Printed fixedstruct    : 0
Printed journal events : 0
Regex patterns known   : 158
Regex patterns compiled: 79
Datetime filter -a     : 1999-03-03 00:00:00 +00:00 (1999-03-03 00:00:00 +00:00)
Datetime filter -b     : 2023-04-10 22:10:32 +00:00 (2023-04-10 22:10:32 +00:00)
Channel Receive ok     : 35
Channel Receive err    : 0
Threads Spawned        : 5
Thread Spawn errors    : 0
Allocator Chosen       : Jemalloc
