
Files:

File: ./logs/other/tests/dtf11-A-outoforder.log
  About:
      filetype       : TEXT UTF8/ASCII
      logmessagetype : syslog lines
  Printed:
      bytes         : 4659
      lines         : 41
      syslines      : 41
  Processed:
      file size     : 1707 (0x6AB) (bytes)
      bytes         : 1707 (0x6AB)
      bytes total   : 1707 (0x6AB)
      block size    : 256 (0x100)
      blocks        : 7
      blocks total  : 7 (1792 bytes)
      lines         : 41
      syslines      : 41
      syslines high : 22
  Parsers:
  Processing Stores:
      storage: LineReader::find_line() lines                       : hit   0, miss  81,  0.0%
      caching: LineReader::find_line() LRU cache                   : hit  41, miss  42, 49.4%, put  41
      copying: SyslineReader::get_boxptrs()                        : sgl 114, dbl    5, mult   0
      storage: SyslineReader::find_sysline() syslines              : hit   0, miss  41,  0.0%
      caching: SyslineReader::find_sysline() syslines_by_range_map : hit   0, miss  41,  0.0%, put  41
      caching: SyslineReader::find_sysline() LRU cache             : hit   1, miss  41,  2.4%, put  41
      caching: SyslineReader::parse_datetime_in_line() LRU cache   : hit  40, miss  41, 49.4%, put   0
      optimize:SyslineReader::ezcheck12                            : hit   0, miss   0,  0.0%, largest skipped 0
      optimize:SyslineReader::ezcheckd2                            : hit   0, miss   4,  0.0%, largest skipped 0
      optimize:SyslineReader::ezcheck12d2                          : hit   0, miss 115,  0.0%, largest skipped 0
      process: regex captures attempted                            : 119
  Processing Drops:


Program Summary:

Paths considered       : 1
Paths not processed    : 0
Files processed        : 1
Files printed          : 1
Printed bytes          : 4823
Printed lines          : 41
Printed syslines       : 41
Printed evtx events    : 0
Printed fixedstruct    : 0
Printed journal events : 0
Regex patterns known   : 158
Regex patterns compiled: 79
Datetime filter -a     : 1999-03-03 00:00:00 +00:00 (1999-03-03 00:00:00 +00:00)
Datetime filter -b     : 2023-04-10 22:10:32 +00:00 (2023-04-10 22:10:32 +00:00)
Channel Receive ok     : 43
Channel Receive err    : 0
