
Files:

File: ./logs/other/tests/dtf11-A.log
  About:
      filetype       : TEXT UTF8/ASCII
      logmessagetype : syslog lines
  Printed:
      bytes         : 1273
      lines         : 13
      syslines      : 13
  Processed:
      file size     : 480 (0x1E0) (bytes)
      bytes         : 480 (0x1E0)
      bytes total   : 480 (0x1E0)
      block size    : 256 (0x100)
      blocks        : 2
      blocks total  : 2 (512 bytes)
      lines         : 13
      syslines      : 13
      syslines high : 13
  Parsers:
  Processing Stores:
      storage: LineReader::find_line() lines                       : hit  0, miss 25,  0.0%
      caching: LineReader::find_line() LRU cache                   : hit 13, miss 14, 48.1%, put 13
      copying: SyslineReader::get_boxptrs()                        : sgl 90, dbl   1, mult  0
      storage: SyslineReader::find_sysline() syslines              : hit  0, miss 13,  0.0%
      caching: SyslineReader::find_sysline() syslines_by_range_map : hit  0, miss 13,  0.0%, put 13
      caching: SyslineReader::find_sysline() LRU cache             : hit  1, miss 13,  7.1%, put 13
      caching: SyslineReader::parse_datetime_in_line() LRU cache   : hit 12, miss 13, 48.0%, put  0
      optimize:SyslineReader::ezcheck12                            : hit  0, miss  0,  0.0%, largest skipped 0
      optimize:SyslineReader::ezcheckd2                            : hit  0, miss  4,  0.0%, largest skipped 0
      optimize:SyslineReader::ezcheck12d2                          : hit  0, miss 87,  0.0%, largest skipped 0
      process: regex captures attempted                            : 91
  Processing Drops:


Program Summary:

Paths considered       : 1
Paths not processed    : 0
Files processed        : 1
Files printed          : 1
Printed bytes          : 1326
Printed lines          : 13
Printed syslines       : 13
Printed evtx events    : 0
Printed fixedstruct    : 0
Printed journal events : 0
Regex patterns known   : 158
Regex patterns compiled: 79
Datetime filter -a     : 1999-03-03 00:00:00 +00:00 (1999-03-03 00:00:00 +00:00)
Datetime filter -b     : 2023-04-10 22:10:32 +00:00 (2023-04-10 22:10:32 +00:00)
Channel Receive ok     : 15
Channel Receive err    : 0
