
Files:

File: ./logs/other/tests/dtf13b.log
  About:
      filetype       : TEXT UTF8/ASCII
      logmessagetype : syslog lines
  Printed:
      bytes         : 408
      flushes       : 3
      lines         : 3
      syslines      : 3
  Processed:
      file size     : 228 (0xE4) (bytes)
      bytes         : 228 (0xE4)
      bytes total   : 228 (0xE4)
      block size    : 256 (0x100)
      blocks        : 1
      blocks total  : 1 (256 bytes)
      lines         : 3
      syslines      : 3
      syslines high : 3
  Parsers:
  Processing Stores:
      storage: LineReader::find_line() lines                       : hit  0, miss  5,  0.0%
      caching: LineReader::find_line() LRU cache                   : hit  3, miss  4, 42.9%, put  3
      copying: SyslineReader::get_boxptrs()                        : sgl 75, dbl   0, mult  0
      storage: SyslineReader::find_sysline() syslines              : hit  0, miss  3,  0.0%
      caching: SyslineReader::find_sysline() syslines_by_range_map : hit  0, miss  3,  0.0%, put  3
      caching: SyslineReader::find_sysline() LRU cache             : hit  1, miss  3, 25.0%, put  3
      caching: SyslineReader::parse_datetime_in_line() LRU cache   : hit  2, miss  3, 40.0%, put  0
      optimize:SyslineReader::ezcheck12                            : hit  0, miss  0,  0.0%, largest skipped 0
      optimize:SyslineReader::ezcheckd2                            : hit  0, miss  4,  0.0%, largest skipped 0
      optimize:SyslineReader::ezcheck12d2                          : hit  0, miss 71,  0.0%, largest skipped 0
      process: regex captures attempted                            : 75
  Processing Drops:

Program Summary:

Paths considered       : 1
Paths not processed    : 0
Files processed        : 1
Files printed          : 1
Printed bytes          : 421
Printed flushes        : 7
Printed lines          : 3
Printed syslines       : 3
Printed evtx events    : 0
Printed fixedstruct    : 0
Printed journal events : 0
Regex patterns known   : 158
Regex patterns compiled: 73
Datetime filter -a     : 1999-03-03 00:00:00 +00:00 (1999-03-03 00:00:00 +00:00)
Datetime filter -b     : 2023-04-10 22:10:32 +00:00 (2023-04-10 22:10:32 +00:00)
Channel Receive ok     : 5
Channel Receive err    : 0
Threads Spawned        : 1
Thread Spawn errors    : 0
Platform               : x86_64-unknown-linux-gnu
Allocator              : Jemalloc
