
Files:

File: ./logs/other/tests/dtf12c-x3_patts.log
  About:
      filetype       : TEXT UTF8/ASCII
      logmessagetype : syslog lines
  Printed:
      bytes         : 1278
      flushes       : 8
      lines         : 12
      syslines      : 8
  Processed:
      file size     : 450 (0x1C2) (bytes)
      bytes         : 450 (0x1C2)
      bytes total   : 450 (0x1C2)
      block size    : 256 (0x100)
      blocks        : 2
      blocks total  : 2 (512 bytes)
      lines         : 12
      syslines      : 8
      syslines high : 8
  Parsers:
  Processing Stores:
      storage: LineReader::find_line() lines                       : hit  0, miss 23,  0.0%
      caching: LineReader::find_line() LRU cache                   : hit  8, miss 13, 38.1%, put 12
      copying: SyslineReader::get_boxptrs()                        : sgl 89, dbl   1, mult  0
      storage: SyslineReader::find_sysline() syslines              : hit  0, miss  8,  0.0%
      caching: SyslineReader::find_sysline() syslines_by_range_map : hit  0, miss  8,  0.0%, put  8
      caching: SyslineReader::find_sysline() LRU cache             : hit  1, miss  8, 11.1%, put  8
      caching: SyslineReader::parse_datetime_in_line() LRU cache   : hit  7, miss 12, 36.8%, put  0
      optimize:SyslineReader::ezcheck12                            : hit  0, miss  0,  0.0%, largest skipped 0
      optimize:SyslineReader::ezcheckd2                            : hit  0, miss  4,  0.0%, largest skipped 0
      optimize:SyslineReader::ezcheck12d2                          : hit  0, miss 86,  0.0%, largest skipped 0
      process: regex captures attempted                            : 90
  Processing Drops:

Program Summary:

Paths considered       : 1
Paths not processed    : 0
Files processed        : 1
Files printed          : 1
Printed bytes          : 1311
Printed flushes        : 17
Printed lines          : 12
Printed syslines       : 8
Printed evtx events    : 0
Printed fixedstruct    : 0
Printed journal events : 0
Regex patterns known   : 158
Regex patterns compiled: 79
Datetime filter -a     : 1999-03-03 00:00:00 +00:00 (1999-03-03 00:00:00 +00:00)
Datetime filter -b     : 2023-04-10 22:10:32 +00:00 (2023-04-10 22:10:32 +00:00)
Channel Receive ok     : 10
Channel Receive err    : 0
Threads Spawned        : 1
Thread Spawn errors    : 0
Allocator Chosen       : Jemalloc
