./logs/other/tests/dtf11-A-outoforder.log┋19991231T160000.000000000┋2000-01-01 00:00:00 [dtf11-A]a
⇳
./logs/other/tests/dtf11-A-outoforder.log┋20000131T160000.000000000┋2000-02-01 00:00:00 [dtf11-A]ab
⇳
./logs/other/tests/dtf11-A-outoforder.log┋20000229T160000.000000000┋2000-03-01 00:00:00 [dtf11-A]abc
⇳
./logs/other/tests/dtf11-A-outoforder.log┋20000331T160000.000000000┋2000-04-01 00:00:00 [dtf11-A]abcd
⇳
./logs/other/tests/dtf11-A-outoforder.log┋20000430T160000.000000000┋2000-05-01 00:00:00 [dtf11-A]abcde
⇳
./logs/other/tests/dtf11-A-outoforder.log┋20000531T160000.000000000┋2000-06-01 00:00:00 [dtf11-A]abcdef
⇳
./logs/other/tests/dtf11-A-outoforder.log┋20000630T160000.000000000┋2000-07-01 00:00:00 [dtf11-A]abcdefg
⇳
./logs/other/tests/dtf11-A-outoforder.log┋20000831T160000.000000000┋2000-09-01 00:00:00 [dtf11-A]abcdefgh
⇳
./logs/other/tests/dtf11-A-outoforder.log┋20000731T160000.000000000┋2000-08-01 00:00:00 [dtf11-A]abcdefghi out of order! 1
⇳
./logs/other/tests/dtf11-A-outoforder.log┋20000930T160000.000000000┋2000-10-01 00:00:00 [dtf11-A]abcdefghij
⇳
./logs/other/tests/dtf11-A-outoforder.log┋20001031T160000.000000000┋2000-11-01 00:00:00 [dtf11-A]abcdefghijk
⇳
./logs/other/tests/dtf11-A-outoforder.log┋20001201T160000.000000000┋2000-12-02 00:00:00 [dtf11-A]abcdefghijkl
⇳
./logs/other/tests/dtf11-A-outoforder.log┋20001202T160000.000000000┋2000-12-03 00:00:00 [dtf11-A]abcdefghijkl
⇳
./logs/other/tests/dtf11-A-outoforder.log┋20001203T160000.000000000┋2000-12-04 00:00:00 [dtf11-A]abcdefghijkl
⇳
./logs/other/tests/dtf11-A-outoforder.log┋20001204T160000.000000000┋2000-12-05 00:00:00 [dtf11-A]abcdefghijkl
⇳
./logs/other/tests/dtf11-A-outoforder.log┋20001205T160000.000000000┋2000-12-06 00:00:00 [dtf11-A]abcdefghijkl
⇳
./logs/other/tests/dtf11-A-outoforder.log┋20001206T160000.000000000┋2000-12-07 00:00:00 [dtf11-A]abcdefghijkl
⇳
./logs/other/tests/dtf11-A-outoforder.log┋20001207T160000.000000000┋2000-12-08 00:00:00 [dtf11-A]abcdefghijkl
⇳
./logs/other/tests/dtf11-A-outoforder.log┋20001208T160000.000000000┋2000-12-09 00:00:00 [dtf11-A]abcdefghijkl
⇳
./logs/other/tests/dtf11-A-outoforder.log┋20001209T160000.000000000┋2000-12-10 00:00:00 [dtf11-A]abcdefghijkl
⇳
./logs/other/tests/dtf11-A-outoforder.log┋20001210T160000.000000000┋2000-12-11 00:00:00 [dtf11-A]abcdefghijkl
⇳
./logs/other/tests/dtf11-A-outoforder.log┋20001211T160000.000000000┋2000-12-12 00:00:00 [dtf11-A]abcdefghijkl
⇳
./logs/other/tests/dtf11-A-outoforder.log┋20001212T160000.000000000┋2000-12-13 00:00:00 [dtf11-A]abcdefghijkl
⇳
./logs/other/tests/dtf11-A-outoforder.log┋20001213T160000.000000000┋2000-12-14 00:00:00 [dtf11-A]abcdefghijkl
⇳
./logs/other/tests/dtf11-A-outoforder.log┋20001214T160000.000000000┋2000-12-15 00:00:00 [dtf11-A]abcdefghijkl
⇳
./logs/other/tests/dtf11-A-outoforder.log┋20001215T160000.000000000┋2000-12-16 00:00:00 [dtf11-A]abcdefghijkl
⇳
./logs/other/tests/dtf11-A-outoforder.log┋20001216T160000.000000000┋2000-12-17 00:00:00 [dtf11-A]abcdefghijkl
⇳
./logs/other/tests/dtf11-A-outoforder.log┋20001217T160000.000000000┋2000-12-18 00:00:00 [dtf11-A]abcdefghijkl
⇳
./logs/other/tests/dtf11-A-outoforder.log┋20001218T160000.000000000┋2000-12-19 00:00:00 [dtf11-A]abcdefghijkl
⇳
./logs/other/tests/dtf11-A-outoforder.log┋20001219T160000.000000000┋2000-12-20 00:00:00 [dtf11-A]abcdefghijkl
⇳
./logs/other/tests/dtf11-A-outoforder.log┋20001220T160000.000000000┋2000-12-21 00:00:00 [dtf11-A]abcdefghijkl
⇳
./logs/other/tests/dtf11-A-outoforder.log┋20001221T160000.000000000┋2000-12-22 00:00:00 [dtf11-A]abcdefghijkl
⇳
./logs/other/tests/dtf11-A-outoforder.log┋20001222T160000.000000000┋2000-12-23 00:00:00 [dtf11-A]abcdefghijkl
⇳
./logs/other/tests/dtf11-A-outoforder.log┋20001223T160000.000000000┋2000-12-24 00:00:00 [dtf11-A]abcdefghijkl
⇳
./logs/other/tests/dtf11-A-outoforder.log┋20001226T160000.000000000┋2000-12-27 00:00:00 [dtf11-A]abcdefghijkl
⇳
./logs/other/tests/dtf11-A-outoforder.log┋20001225T160000.000000000┋2000-12-26 00:00:00 [dtf11-A]abcdefghijkl out of order!! 2
⇳
./logs/other/tests/dtf11-A-outoforder.log┋20001224T160000.000000000┋2000-12-25 00:00:00 [dtf11-A]abcdefghijkl out of order!!! 3
⇳
./logs/other/tests/dtf11-A-outoforder.log┋20001227T160000.000000000┋2000-12-28 00:00:00 [dtf11-A]abcdefghijkl
⇳
./logs/other/tests/dtf11-A-outoforder.log┋20001228T160000.000000000┋2000-12-29 00:00:00 [dtf11-A]abcdefghijkl
⇳
./logs/other/tests/dtf11-A-outoforder.log┋20001229T160000.000000000┋2000-12-30 00:00:00 [dtf11-A]abcdefghijkl
⇳
./logs/other/tests/dtf11-A-outoforder.log┋20001230T160000.000000000┋2000-12-31 00:00:00 [dtf11-A]abcdefghijkl
⇳
