
Files:

File: ./logs/other/tests/dtf10-10b.log
  About:
      filetype       : TEXT UTF8/ASCII
      logmessagetype : syslog lines
  Printed:
      bytes         : 1217
      lines         : 13
      syslines      : 8
  Processed:
      file size     : 398 (0x18E) (bytes)
      bytes         : 398 (0x18E)
      bytes total   : 398 (0x18E)
      block size    : 256 (0x100)
      blocks        : 2
      blocks total  : 2 (512 bytes)
      lines         : 13
      syslines      : 8
      syslines high : 8
  Parsers:
  Processing Stores:
      storage: LineReader::find_line() lines                       : hit   0, miss  25,  0.0%
      caching: LineReader::find_line() LRU cache                   : hit   8, miss  14, 36.4%, put  13
      copying: SyslineReader::get_boxptrs()                        : sgl 147, dbl    1, mult   0
      storage: SyslineReader::find_sysline() syslines              : hit   0, miss   8,  0.0%
      caching: SyslineReader::find_sysline() syslines_by_range_map : hit   0, miss   8,  0.0%, put   8
      caching: SyslineReader::find_sysline() LRU cache             : hit   1, miss   8, 11.1%, put   8
      caching: SyslineReader::parse_datetime_in_line() LRU cache   : hit   7, miss  13, 35.0%, put   0
      optimize:SyslineReader::ezcheck12                            : hit   0, miss   0,  0.0%, largest skipped 0
      optimize:SyslineReader::ezcheckd2                            : hit   0, miss  10,  0.0%, largest skipped 0
      optimize:SyslineReader::ezcheck12d2                          : hit   2, miss 136,  1.4%, largest skipped 17
      process: regex captures attempted                            : 146
  Processing Drops:


Program Summary:

Paths considered       : 1
Paths not processed    : 0
Files processed        : 1
Files printed          : 1
Printed bytes          : 1250
Printed lines          : 13
Printed syslines       : 8
Printed evtx events    : 0
Printed fixedstruct    : 0
Printed journal events : 0
Regex patterns known   : 158
Regex patterns compiled: 139
Datetime filter -a     : 1999-03-03 00:00:00 +00:00 (1999-03-03 00:00:00 +00:00)
Datetime filter -b     : 2023-04-10 22:10:32 +00:00 (2023-04-10 22:10:32 +00:00)
Channel Receive ok     : 10
Channel Receive err    : 0
