File: ./logs/other/tests/dtf2-2_(contains_dtf2-2_xz).xz.tar|dtf2-2.log.xz (cannot extract XZ type from a tar archived file)

Program Summary:

Paths considered       : 1
Paths not processed    : 1
Files processed        : 0
Files printed          : 0
Printed bytes          : 0
Printed flushes        : 0
Printed lines          : 0
Printed syslines       : 0
Printed evtx events    : 0
Printed fixedstruct    : 0
Printed journal events : 0
Regex patterns known   : 158
Regex patterns compiled: 0
Datetime filter -a     : 1999-03-03 00:00:00 +00:00 (1999-03-03 00:00:00 +00:00)
Datetime filter -b     : 2023-04-10 22:10:32 +00:00 (2023-04-10 22:10:32 +00:00)
Channel Receive ok     : 0
Channel Receive err    : 0
Threads Spawned        : 0
Thread Spawn errors    : 0
Allocator Chosen       : Jemalloc
