./logs/other/tests/dtf2-2.lz4┋19991231T160000.000000000┋2000-01-01T00:00:00 [dtf2-2]
./logs/other/tests/dtf2-2.lz4┋19991231T160000.000000000┋
⇳
./logs/other/tests/dtf2-2.lz4┋19991231T160001.000000000┋2000-01-01T00:00:01 [dtf2-2]a
⇳
