
Files:

File: ./logs/other/tests/dtf5-3-r-n.log
  About:
      filetype       : TEXT UTF8/ASCII
      logmessagetype : syslog lines
  Printed:
      bytes         : 583
      lines         : 6
      syslines      : 3
  Processed:
      file size     : 199 (0xC7) (bytes)
      bytes         : 199 (0xC7)
      bytes total   : 199 (0xC7)
      block size    : 256 (0x100)
      blocks        : 1
      blocks total  : 1 (256 bytes)
      lines         : 6
      syslines      : 3
      syslines high : 3
  Parsers:
  Processing Stores:
      storage: LineReader::find_line() lines                       : hit   0, miss  11,  0.0%
      caching: LineReader::find_line() LRU cache                   : hit   3, miss   7, 30.0%, put   6
      copying: SyslineReader::get_boxptrs()                        : sgl 241, dbl    0, mult   0
      storage: SyslineReader::find_sysline() syslines              : hit   0, miss   3,  0.0%
      caching: SyslineReader::find_sysline() syslines_by_range_map : hit   0, miss   3,  0.0%, put   3
      caching: SyslineReader::find_sysline() LRU cache             : hit   1, miss   3, 25.0%, put   3
      caching: SyslineReader::parse_datetime_in_line() LRU cache   : hit   2, miss   6, 25.0%, put   0
      optimize:SyslineReader::ezcheck12                            : hit   0, miss   0,  0.0%, largest skipped 0
      optimize:SyslineReader::ezcheckd2                            : hit  12, miss   4, 75.0%, largest skipped 26
      optimize:SyslineReader::ezcheck12d2                          : hit 148, miss  77, 65.8%, largest skipped 49
      process: regex captures attempted                            : 81
  Processing Drops:


Program Summary:

Paths considered       : 1
Paths not processed    : 0
Files processed        : 1
Files printed          : 1
Printed bytes          : 595
Printed lines          : 6
Printed syslines       : 3
Printed evtx events    : 0
Printed fixedstruct    : 0
Printed journal events : 0
Regex patterns known   : 158
Regex patterns compiled: 79
Datetime filter -a     : 1999-03-03 00:00:00 +00:00 (1999-03-03 00:00:00 +00:00)
Datetime filter -b     : 2023-04-10 22:10:32 +00:00 (2023-04-10 22:10:32 +00:00)
Channel Receive ok     : 5
Channel Receive err    : 0
