
Files:

File: ./logs/other/tests/dtf5-6a.log.old
  About:
      filetype       : TEXT UTF8/ASCII
      logmessagetype : syslog lines
  Printed:
      bytes         : 584
      flushes       : 6
      lines         : 6
      syslines      : 6
  Processed:
      file size     : 194 (0xC2) (bytes)
      bytes         : 194 (0xC2)
      bytes total   : 194 (0xC2)
      block size    : 256 (0x100)
      blocks        : 1
      blocks total  : 1 (256 bytes)
      lines         : 6
      syslines      : 6
      syslines high : 6
  Parsers:
  Processing Stores:
      storage: LineReader::find_line() lines                       : hit  0, miss 11,  0.0%
      caching: LineReader::find_line() LRU cache                   : hit  6, miss  7, 46.2%, put  6
      copying: SyslineReader::get_boxptrs()                        : sgl 84, dbl   0, mult  0
      storage: SyslineReader::find_sysline() syslines              : hit  0, miss  6,  0.0%
      caching: SyslineReader::find_sysline() syslines_by_range_map : hit  0, miss  6,  0.0%, put  6
      caching: SyslineReader::find_sysline() LRU cache             : hit  1, miss  6, 14.3%, put  6
      caching: SyslineReader::parse_datetime_in_line() LRU cache   : hit  5, miss  6, 45.5%, put  0
      optimize:SyslineReader::ezcheck12                            : hit  0, miss  0,  0.0%, largest skipped 0
      optimize:SyslineReader::ezcheckd2                            : hit  0, miss  4,  0.0%, largest skipped 0
      optimize:SyslineReader::ezcheck12d2                          : hit  0, miss 80,  0.0%, largest skipped 0
      process: regex captures attempted                            : 84
  Processing Drops:

Program Summary:

Paths considered       : 1
Paths not processed    : 0
Files processed        : 1
Files printed          : 1
Printed bytes          : 609
Printed flushes        : 13
Printed lines          : 6
Printed syslines       : 6
Printed evtx events    : 0
Printed fixedstruct    : 0
Printed journal events : 0
Regex patterns known   : 158
Regex patterns compiled: 79
Datetime filter -a     : 1999-03-03 00:00:00 +00:00 (1999-03-03 00:00:00 +00:00)
Datetime filter -b     : 2023-04-10 22:10:32 +00:00 (2023-04-10 22:10:32 +00:00)
Channel Receive ok     : 8
Channel Receive err    : 0
Threads Spawned        : 1
Thread Spawn errors    : 0
Allocator Chosen       : Jemalloc
