
Files:

File: ./logs/other/tests/dtf6z-1.log
  About:
      filetype       : TEXT UTF8/ASCII
      logmessagetype : syslog lines
  Printed:
      bytes         : 494
      lines         : 5
      syslines      : 5
  Processed:
      file size     : 189 (0xBD) (bytes)
      bytes         : 189 (0xBD)
      bytes total   : 189 (0xBD)
      block size    : 256 (0x100)
      blocks        : 1
      blocks total  : 1 (256 bytes)
      lines         : 5
      syslines      : 5
      syslines high : 5
  Parsers:
  Processing Stores:
      storage: LineReader::find_line() lines                       : hit  0, miss  9,  0.0%
      caching: LineReader::find_line() LRU cache                   : hit  5, miss  6, 45.5%, put  5
      copying: SyslineReader::get_boxptrs()                        : sgl 79, dbl   0, mult  0
      storage: SyslineReader::find_sysline() syslines              : hit  0, miss  5,  0.0%
      caching: SyslineReader::find_sysline() syslines_by_range_map : hit  0, miss  5,  0.0%, put  5
      caching: SyslineReader::find_sysline() LRU cache             : hit  1, miss  5, 16.7%, put  5
      caching: SyslineReader::parse_datetime_in_line() LRU cache   : hit  4, miss  5, 44.4%, put  0
      optimize:SyslineReader::ezcheck12                            : hit  0, miss  0,  0.0%, largest skipped 0
      optimize:SyslineReader::ezcheckd2                            : hit  0, miss  4,  0.0%, largest skipped 0
      optimize:SyslineReader::ezcheck12d2                          : hit  0, miss 75,  0.0%, largest skipped 0
      process: regex captures attempted                            : 79
  Processing Drops:


Program Summary:

Paths considered       : 1
Paths not processed    : 0
Files processed        : 1
Files printed          : 1
Printed bytes          : 515
Printed lines          : 5
Printed syslines       : 5
Printed evtx events    : 0
Printed fixedstruct    : 0
Printed journal events : 0
Regex patterns known   : 158
Regex patterns compiled: 75
Datetime filter -a     : 1999-03-03 00:00:00 +00:00 (1999-03-03 00:00:00 +00:00)
Datetime filter -b     : 2023-04-10 22:10:32 +00:00 (2023-04-10 22:10:32 +00:00)
Channel Receive ok     : 7
Channel Receive err    : 0
