
Files:

File: ./logs/other/tests/dtf7_(dtf7-20 dtf7-5, Deflate, 9).zip
  About:
      filetype       : TEXT UTF8/ASCII
      logmessagetype : syslog lines
  Printed:
      bytes         : 0
      lines         : 0
      syslines      : 0
  Processed:
      file size     : 636 (0x27C) (bytes)
      bytes         : 256 (0x100)
      bytes total   : 636 (0x27C)
      block size    : 256 (0x100)
      blocks        : 1
      blocks total  : 3 (768 bytes)
      lines         : 3
      syslines      : 0
      syslines high : 0
  Processing Stores:
      storage: LineReader::find_line() lines                       : hit   0, miss   7,  0.0%
      caching: LineReader::find_line() LRU cache                   : hit   1, miss   4, 20.0%, put   3
      copying: SyslineReader::get_boxptrs()                        : sgl 474, dbl    0, mult   0
      storage: SyslineReader::find_sysline() syslines              : hit   0, miss   1,  0.0%
      caching: SyslineReader::find_sysline() syslines_by_range_map : hit   0, miss   1,  0.0%, put   0
      caching: SyslineReader::find_sysline() LRU cache             : hit   0, miss   1,  0.0%, put   0
      caching: SyslineReader::parse_datetime_in_line() LRU cache   : hit   0, miss   4,  0.0%, put   0
      optimize:SyslineReader::ezcheck12                            : hit   0, miss   0,  0.0%, largest skipped 0
      optimize:SyslineReader::ezcheckd2                            : hit  27, miss   9, 75.0%, largest skipped 55
      optimize:SyslineReader::ezcheck12d2                          : hit 293, miss 145, 66.9%, largest skipped 55
      process: regex captures attempted                            : 154
  Processing Drops:


Program Summary:

Paths considered       : 1
Paths not processed    : 0
Files processed        : 1
Files printed          : 0
Printed bytes          : 0
Printed lines          : 0
Printed syslines       : 0
Printed evtx events    : 0
Printed fixedstruct    : 0
Printed journal events : 0
Regex patterns known   : 158
Regex patterns compiled: 154
Datetime filter -a     : 1999-03-03 00:00:00 +00:00 (1999-03-03 00:00:00 +00:00)
Datetime filter -b     : 2023-04-10 22:10:32 +00:00 (2023-04-10 22:10:32 +00:00)
Channel Receive ok     : 2
Channel Receive err    : 0
