
Files:

File: ./logs/other/tests/dtf9d-12x3-37.log
  About:
      filetype       : TEXT UTF8/ASCII
      logmessagetype : syslog lines
  Printed:
      bytes         : 3385
      flushes       : 37
      lines         : 38
      syslines      : 37
  Processed:
      file size     : 839 (0x347) (bytes)
      bytes         : 839 (0x347)
      bytes total   : 839 (0x347)
      block size    : 256 (0x100)
      blocks        : 4
      blocks total  : 4 (1024 bytes)
      lines         : 38
      syslines      : 42
      syslines high : 37
  Parsers:
                   datetime format missing year; estimated year of last sysline 2004
  Processing Stores:
      storage: LineReader::find_line() lines                       : hit 37, miss 77, 32.5%
      caching: LineReader::find_line() LRU cache                   : hit  9, miss 78, 10.3%, put 77
      copying: SyslineReader::get_boxptrs()                        : sgl 78, dbl   3, mult  0
      storage: SyslineReader::find_sysline() syslines              : hit  0, miss 42,  0.0%
      caching: SyslineReader::find_sysline() syslines_by_range_map : hit 37, miss 42, 46.8%, put 42
      caching: SyslineReader::find_sysline() LRU cache             : hit  0, miss 79,  0.0%, put 79
      caching: SyslineReader::parse_datetime_in_line() LRU cache   : hit 36, miss 49, 42.4%, put  0
      optimize:SyslineReader::ezcheck12                            : hit  0, miss  0,  0.0%, largest skipped 0
      optimize:SyslineReader::ezcheckd2                            : hit  0, miss 51,  0.0%, largest skipped 0
      optimize:SyslineReader::ezcheck12d2                          : hit  0, miss 30,  0.0%, largest skipped 0
      process: regex captures attempted                            : 81
  Processing Drops:

Program Summary:

Paths considered       : 1
Paths not processed    : 0
Files processed        : 1
Files printed          : 1
Printed bytes          : 3533
Printed flushes        : 74
Printed lines          : 38
Printed syslines       : 37
Printed evtx events    : 0
Printed fixedstruct    : 0
Printed journal events : 0
Regex patterns known   : 158
Regex patterns compiled: 33
Datetime filter -a     : 1999-03-03 00:00:00 +00:00 (1999-03-03 00:00:00 +00:00)
Datetime filter -b     : 2023-04-10 22:10:32 +00:00 (2023-04-10 22:10:32 +00:00)
Channel Receive ok     : 39
Channel Receive err    : 0
Threads Spawned        : 1
Thread Spawn errors    : 0
Platform               : x86_64-unknown-linux-gnu
Allocator              : Jemalloc
