
Files:

File: ./logs/other/tests/dtf9a-2.log
  About:
      filetype       : TEXT UTF8/ASCII
      logmessagetype : syslog lines
  Printed:
      bytes         : 600
      flushes       : 2
      lines         : 2
      syslines      : 2
  Processed:
      file size     : 478 (0x1DE) (bytes)
      bytes         : 478 (0x1DE)
      bytes total   : 478 (0x1DE)
      block size    : 256 (0x100)
      blocks        : 2
      blocks total  : 2 (512 bytes)
      lines         : 2
      syslines      : 2
      syslines high : 2
  Parsers:
                   datetime format missing year; estimated year of last sysline 2022
  Processing Stores:
      storage: LineReader::find_line() lines                       : hit  1, miss  6, 14.3%
      caching: LineReader::find_line() LRU cache                   : hit  1, miss  6, 14.3%, put  4
      copying: SyslineReader::get_boxptrs()                        : sgl 35, dbl   1, mult  0
      storage: SyslineReader::find_sysline() syslines              : hit  0, miss  3,  0.0%
      caching: SyslineReader::find_sysline() syslines_by_range_map : hit  2, miss  3, 40.0%, put  2
      caching: SyslineReader::find_sysline() LRU cache             : hit  0, miss  5,  0.0%, put  4
      caching: SyslineReader::parse_datetime_in_line() LRU cache   : hit  1, miss  3, 25.0%, put  0
      optimize:SyslineReader::ezcheck12                            : hit  0, miss  0,  0.0%, largest skipped 0
      optimize:SyslineReader::ezcheckd2                            : hit  0, miss  6,  0.0%, largest skipped 0
      optimize:SyslineReader::ezcheck12d2                          : hit  0, miss 30,  0.0%, largest skipped 0
      process: regex captures attempted                            : 36
  Processing Drops:

Program Summary:

Paths considered       : 1
Paths not processed    : 0
Files processed        : 1
Files printed          : 1
Printed bytes          : 608
Printed flushes        : 4
Printed lines          : 2
Printed syslines       : 2
Printed evtx events    : 0
Printed fixedstruct    : 0
Printed journal events : 0
Regex patterns known   : 158
Regex patterns compiled: 34
Datetime filter -a     : 1999-03-03 00:00:00 +00:00 (1999-03-03 00:00:00 +00:00)
Datetime filter -b     : 2023-04-10 22:10:32 +00:00 (2023-04-10 22:10:32 +00:00)
Channel Receive ok     : 4
Channel Receive err    : 0
Threads Spawned        : 1
Thread Spawn errors    : 0
Allocator Chosen       : Jemalloc
