
Files:

File: ./logs/other/tests/dtf9d-24-12x2-leapday.log
  About:
      filetype       : TEXT UTF8/ASCII
      logmessagetype : syslog lines
  Printed:
      bytes         : 2402
      lines         : 25
      syslines      : 23
  Processed:
      file size     : 527 (0x20F) (bytes)
      bytes         : 527 (0x20F)
      bytes total   : 527 (0x20F)
      block size    : 256 (0x100)
      blocks        : 3
      blocks total  : 3 (768 bytes)
      lines         : 25
      syslines      : 25
      syslines high : 23
  Parsers:
                   datetime format missing year; estimated year of last sysline 2022
  Processing Stores:
      storage: LineReader::find_line() lines                       : hit 23, miss 51, 31.1%
      caching: LineReader::find_line() LRU cache                   : hit  4, miss 51,  7.3%, put 50
      copying: SyslineReader::get_boxptrs()                        : sgl 58, dbl   3, mult  0
      storage: SyslineReader::find_sysline() syslines              : hit  0, miss 25,  0.0%
      caching: SyslineReader::find_sysline() syslines_by_range_map : hit 23, miss 25, 47.9%, put 25
      caching: SyslineReader::find_sysline() LRU cache             : hit  0, miss 48,  0.0%, put 48
      caching: SyslineReader::parse_datetime_in_line() LRU cache   : hit 22, miss 31, 41.5%, put  0
      optimize:SyslineReader::ezcheck12                            : hit  0, miss  0,  0.0%, largest skipped 0
      optimize:SyslineReader::ezcheckd2                            : hit  0, miss 31,  0.0%, largest skipped 0
      optimize:SyslineReader::ezcheck12d2                          : hit  0, miss 30,  0.0%, largest skipped 0
      process: regex captures attempted                            : 61
  Processing Drops:


Program Summary:

Paths considered       : 1
Paths not processed    : 0
Files processed        : 1
Files printed          : 1
Printed bytes          : 2494
Printed lines          : 25
Printed syslines       : 23
Printed evtx events    : 0
Printed fixedstruct    : 0
Printed journal events : 0
Regex patterns known   : 158
Regex patterns compiled: 33
Datetime filter -a     : 1999-03-03 00:00:00 +00:00 (1999-03-03 00:00:00 +00:00)
Datetime filter -b     : 2023-04-10 22:10:32 +00:00 (2023-04-10 22:10:32 +00:00)
Channel Receive ok     : 25
Channel Receive err    : 0
