
Files:

File: ./logs/other/tests/simple-12.log
  About:
      filetype       : TEXT UTF8/ASCII
      logmessagetype : syslog lines
  Printed:
      bytes         : 75
      flushes       : 1
      lines         : 1
      syslines      : 1
  Processed:
      file size     : 12 (0xC) (bytes)
      bytes         : 12 (0xC)
      bytes total   : 12 (0xC)
      block size    : 256 (0x100)
      blocks        : 1
      blocks total  : 1 (256 bytes)
      lines         : 1
      syslines      : 1
      syslines high : 1
  Parsers:
  Processing Stores:
      storage: LineReader::find_line() lines                       : hit   0, miss   1,  0.0%
      caching: LineReader::find_line() LRU cache                   : hit   1, miss   1, 50.0%, put   1
      copying: SyslineReader::get_boxptrs()                        : sgl 138, dbl    0, mult   0
      storage: SyslineReader::find_sysline() syslines              : hit   0, miss   1,  0.0%
      caching: SyslineReader::find_sysline() syslines_by_range_map : hit   0, miss   1,  0.0%, put   1
      caching: SyslineReader::find_sysline() LRU cache             : hit   1, miss   1, 50.0%, put   1
      caching: SyslineReader::parse_datetime_in_line() LRU cache   : hit   0, miss   1,  0.0%, put   0
      optimize:SyslineReader::ezcheck12                            : hit   0, miss   0,  0.0%, largest skipped 0
      optimize:SyslineReader::ezcheckd2                            : hit   0, miss  10,  0.0%, largest skipped 0
      optimize:SyslineReader::ezcheck12d2                          : hit   0, miss 128,  0.0%, largest skipped 0
      process: regex captures attempted                            : 138
  Processing Drops:

Program Summary:

Paths considered       : 1
Paths not processed    : 0
Files processed        : 1
Files printed          : 1
Printed bytes          : 80
Printed flushes        : 3
Printed lines          : 1
Printed syslines       : 1
Printed evtx events    : 0
Printed fixedstruct    : 0
Printed journal events : 0
Regex patterns known   : 158
Regex patterns compiled: 138
Datetime filter -a     : 1999-03-03 00:00:00 +00:00 (1999-03-03 00:00:00 +00:00)
Datetime filter -b     : 2023-04-10 22:10:32 +00:00 (2023-04-10 22:10:32 +00:00)
Channel Receive ok     : 3
Channel Receive err    : 0
Threads Spawned        : 1
Thread Spawn errors    : 0
Platform               : x86_64-unknown-linux-gnu
Allocator              : Jemalloc
