
Files:

File: ./logs/other/tests/simple-2_3.log.tar|simple-2.log
  About:
      archive subpath: simple-2.log
      filetype       : TEXT UTF8/ASCII (TAR)
      logmessagetype : syslog lines
  Printed:
      bytes         : 0
      flushes       : 0
      lines         : 0
      syslines      : 0
  Processed:
      file size archive   : 3072 (0xC00) (bytes)
      file size unarchived: 2 (0x2) (bytes)
      bytes         : 2 (0x2)
      bytes total   : 2 (0x2)
      block size    : 256 (0x100)
      blocks        : 1
      blocks total  : 1 (256 bytes)
      lines         : 0
      syslines      : 0
      syslines high : 0
  Processing Stores:
      storage: LineReader::find_line() lines                       : hit 0, miss 0,  0.0%
      caching: LineReader::find_line() LRU cache                   : hit 0, miss 0,  0.0%, put 0
      copying: SyslineReader::get_boxptrs()                        : sgl 0, dbl  0, mult 0
      storage: SyslineReader::find_sysline() syslines              : hit 0, miss 0,  0.0%
      caching: SyslineReader::find_sysline() syslines_by_range_map : hit 0, miss 0,  0.0%, put 0
      caching: SyslineReader::find_sysline() LRU cache             : hit 0, miss 0,  0.0%, put 0
      caching: SyslineReader::parse_datetime_in_line() LRU cache   : hit 0, miss 0,  0.0%, put 0
      optimize:SyslineReader::ezcheck12                            : hit 0, miss 0,  0.0%, largest skipped 0
      optimize:SyslineReader::ezcheckd2                            : hit 0, miss 0,  0.0%, largest skipped 0
      optimize:SyslineReader::ezcheck12d2                          : hit 0, miss 0,  0.0%, largest skipped 0
      process: regex captures attempted                            : 0
  Processing Drops:

File: ./logs/other/tests/simple-2_3.log.tar|simple-3.log
  About:
      archive subpath: simple-3.log
      filetype       : TEXT UTF8/ASCII (TAR)
      logmessagetype : syslog lines
  Printed:
      bytes         : 0
      flushes       : 0
      lines         : 0
      syslines      : 0
  Processed:
      file size archive   : 3072 (0xC00) (bytes)
      file size unarchived: 3 (0x3) (bytes)
      bytes         : 3 (0x3)
      bytes total   : 3 (0x3)
      block size    : 256 (0x100)
      blocks        : 1
      blocks total  : 1 (256 bytes)
      lines         : 0
      syslines      : 0
      syslines high : 0
  Processing Stores:
      storage: LineReader::find_line() lines                       : hit 0, miss 0,  0.0%
      caching: LineReader::find_line() LRU cache                   : hit 0, miss 0,  0.0%, put 0
      copying: SyslineReader::get_boxptrs()                        : sgl 0, dbl  0, mult 0
      storage: SyslineReader::find_sysline() syslines              : hit 0, miss 0,  0.0%
      caching: SyslineReader::find_sysline() syslines_by_range_map : hit 0, miss 0,  0.0%, put 0
      caching: SyslineReader::find_sysline() LRU cache             : hit 0, miss 0,  0.0%, put 0
      caching: SyslineReader::parse_datetime_in_line() LRU cache   : hit 0, miss 0,  0.0%, put 0
      optimize:SyslineReader::ezcheck12                            : hit 0, miss 0,  0.0%, largest skipped 0
      optimize:SyslineReader::ezcheckd2                            : hit 0, miss 0,  0.0%, largest skipped 0
      optimize:SyslineReader::ezcheck12d2                          : hit 0, miss 0,  0.0%, largest skipped 0
      process: regex captures attempted                            : 0
  Processing Drops:

Program Summary:

Paths considered       : 2
Paths not processed    : 0
Files processed        : 2
Files printed          : 0
Printed bytes          : 0
Printed flushes        : 0
Printed lines          : 0
Printed syslines       : 0
Printed evtx events    : 0
Printed fixedstruct    : 0
Printed journal events : 0
Regex patterns known   : 158
Regex patterns compiled: 0
Datetime filter -a     : 1999-03-03 00:00:00 +00:00 (1999-03-03 00:00:00 +00:00)
Datetime filter -b     : 2023-04-10 22:10:32 +00:00 (2023-04-10 22:10:32 +00:00)
Channel Receive ok     : 4
Channel Receive err    : 0
Threads Spawned        : 2
Thread Spawn errors    : 0
Platform               : x86_64-unknown-linux-gnu
Allocator              : Jemalloc
