
Files:

File: ./logs/other/tests/simple-14s_b.log
  About:
      filetype       : TEXT UTF8/ASCII
      logmessagetype : syslog lines
  Printed:
      bytes         : 0
      flushes       : 0
      lines         : 0
      syslines      : 0
  Processed:
      file size     : 16 (0x10) (bytes)
      bytes         : 16 (0x10)
      bytes total   : 16 (0x10)
      block size    : 256 (0x100)
      blocks        : 1
      blocks total  : 1 (256 bytes)
      lines         : 1
      syslines      : 2
      syslines high : 1
  Parsers:
                   datetime format missing year; estimated year of last sysline 2024
  Processing Stores:
      storage: LineReader::find_line() lines                       : hit  0, miss  2,  0.0%
      caching: LineReader::find_line() LRU cache                   : hit  1, miss  3, 25.0%, put  2
      copying: SyslineReader::get_boxptrs()                        : sgl 98, dbl   0, mult  0
      storage: SyslineReader::find_sysline() syslines              : hit  0, miss  2,  0.0%
      caching: SyslineReader::find_sysline() syslines_by_range_map : hit  1, miss  2, 33.3%, put  2
      caching: SyslineReader::find_sysline() LRU cache             : hit  0, miss  3,  0.0%, put  3
      caching: SyslineReader::parse_datetime_in_line() LRU cache   : hit  0, miss  2,  0.0%, put  0
      optimize:SyslineReader::ezcheck12                            : hit  0, miss  0,  0.0%, largest skipped 0
      optimize:SyslineReader::ezcheckd2                            : hit  0, miss  7,  0.0%, largest skipped 0
      optimize:SyslineReader::ezcheck12d2                          : hit  0, miss 91,  0.0%, largest skipped 0
      process: regex captures attempted                            : 98
  Processing Drops:

Program Summary:

Paths considered       : 1
Paths not processed    : 0
Files processed        : 1
Files printed          : 0
Printed bytes          : 0
Printed flushes        : 0
Printed lines          : 0
Printed syslines       : 0
Printed evtx events    : 0
Printed fixedstruct    : 0
Printed journal events : 0
Regex patterns known   : 158
Regex patterns compiled: 97
Datetime filter -a     : 1999-03-03 00:00:00 +00:00 (1999-03-03 00:00:00 +00:00)
Datetime filter -b     : 2023-04-10 22:10:32 +00:00 (2023-04-10 22:10:32 +00:00)
Channel Receive ok     : 2
Channel Receive err    : 0
Threads Spawned        : 1
Thread Spawn errors    : 0
Platform               : x86_64-unknown-linux-gnu
Allocator              : Jemalloc
